// Jest Snapshot v1, https://goo.gl/fbAQLP

exports[`Pruebas en el <CounterApp /> debe de hacer match con el snapshot 1`] = `
<div>
  <h1
    class="counter"
  >
    Counter App
  </h1>
  <h2
    class="counter"
  >
    1
  </h2>
  <div
    class="flex-button"
  >
    <button>
      +1
    </button>
    <button>
      -1
    </button>
    <button
      aria-label="btn-reset"
    >
      Reset
    </button>
  </div>
</div>
`;
